[{'type': 'add', 'product': Coffee(name='Indonezia', price=1, acidity=5.05, roast_level='MEDIUM'), 'quantity': 5}, {'type': 'add', 'product': Tea(name='Wild Cherry', price=5, type='Black'), 'quantity': 4}, {'type': 'add', 'product': Coffee(name='Brasil', price=7, acidity=5.09, roast_level='MEDIUM'), 'quantity': 1}, {'type': 'remove', 'product': Tea(name='Wild Cherry', price=5, type='Black'), 'quantity': 1}]
