[{'type': 'add', 'product': Tea(name='Cactus fig', price=3, type='Green'), 'quantity': 2}, {'type': 'add', 'product': Coffee(name='Ethiopia', price=10, acidity=5.09, roast_level='MEDIUM'), 'quantity': 5}, {'type': 'add', 'product': Tea(name='Wild Cherry', price=4, type='Black'), 'quantity': 5}, {'type': 'remove', 'product': Tea(name='Wild Cherry', price=4, type='Black'), 'quantity': 1}]
[{'type': 'add', 'product': Tea(name='Cactus fig', price=3, type='Green'), 'quantity': 2}, {'type': 'add', 'product': Coffee(name='Ethiopia', price=10, acidity=5.09, roast_level='MEDIUM'), 'quantity': 2}, {'type': 'add', 'product': Tea(name='Wild Cherry', price=4, type='Black'), 'quantity': 5}, {'type': 'remove', 'product': Coffee(name='Ethiopia', price=10, acidity=5.09, roast_level='MEDIUM'), 'quantity': 2}]
[{'type': 'add', 'product': Tea(name='Cactus fig', price=3, type='Green'), 'quantity': 1}]
[{'type': 'add', 'product': Coffee(name='Brasil', price=7, acidity=5.09, roast_level='MEDIUM'), 'quantity': 5}, {'type': 'add', 'product': Coffee(name='Indonezia', price=1, acidity=5.05, roast_level='MEDIUM'), 'quantity': 4}]
[{'type': 'add', 'product': Coffee(name='Indonezia', price=1, acidity=5.05, roast_level='MEDIUM'), 'quantity': 4}, {'type': 'add', 'product': Tea(name='Wild Cherry', price=4, type='Black'), 'quantity': 5}, {'type': 'add', 'product': Coffee(name='Ethiopia', price=10, acidity=5.09, roast_level='MEDIUM'), 'quantity': 5}, {'type': 'remove', 'product': Tea(name='Wild Cherry', price=4, type='Black'), 'quantity': 4}]
[{'type': 'add', 'product': Tea(name='Wild Cherry', price=4, type='Black'), 'quantity': 4}, {'type': 'remove', 'product': Tea(name='Wild Cherry', price=4, type='Black'), 'quantity': 4}]
[{'type': 'add', 'product': Tea(name='Wild Cherry', price=4, type='Black'), 'quantity': 4}, {'type': 'add', 'product': Coffee(name='Indonezia', price=1, acidity=5.05, roast_level='MEDIUM'), 'quantity': 2}]
[{'type': 'add', 'product': Coffee(name='Indonezia', price=1, acidity=5.05, roast_level='MEDIUM'), 'quantity': 1}, {'type': 'add', 'product': Coffee(name='Ethiopia', price=10, acidity=5.09, roast_level='MEDIUM'), 'quantity': 3}, {'type': 'add', 'product': Coffee(name='Brasil', price=7, acidity=5.09, roast_level='MEDIUM'), 'quantity': 2}, {'type': 'remove', 'product': Coffee(name='Brasil', price=7, acidity=5.09, roast_level='MEDIUM'), 'quantity': 1}]
[{'type': 'add', 'product': Coffee(name='Ethiopia', price=10, acidity=5.09, roast_level='MEDIUM'), 'quantity': 2}]
[{'type': 'add', 'product': Tea(name='Cactus fig', price=3, type='Green'), 'quantity': 4}]
